
C:\Server\server\MySQL5\bin>mysql -uroot -p
Enter password: *******
Welcome to the MySQL monitor.  Commands end with ; or \g.
Your MySQL connection id is 413
Server version: 5.6.20 MySQL Community Server (GPL)

Copyright (c) 2000, 2014, Oracle and/or its affiliates. All rights reserved.

Oracle is a registered trademark of Oracle Corporation and/or its
affiliates. Other names may be trademarks of their respective
owners.

Type 'help;' or '\h' for help. Type '\c' to clear the current input statement.

mysql> show databases
    -> ;
+--------------------+
| Database           |
+--------------------+
| information_schema |
| digital_con        |
| member             |
| mysql              |
| performance_schema |
| test               |
+--------------------+
6 rows in set (0.02 sec)

mysql> use digital_con
Database changed
mysql> select * from digital_con
    -> ;
ERROR 1146 (42S02): Table 'digital_con.digital_con' doesn't exist
mysql> select * from trial_board;
+----+------------+-------------+-------------+------+------------+---------------+---------+
| no | EventName  | Profession  | Profession2 | time | vote_agree | vote_disagree | is_live |
+----+------------+-------------+-------------+------+------------+---------------+---------+
|  1 | asdf       | fdsa        | sdf         |    3 |          0 |             0 |       0 |
|  2 | asdfasfsad | dafsdfasdfa |             |    3 |          0 |             0 |       0 |
|  3 | event1     | lawyer      | xxxxx       |    1 |          0 |             0 |       0 |
|  4 | event2     | prosecutor  |             |    2 |          0 |             0 |       1 |
+----+------------+-------------+-------------+------+------------+---------------+---------+
4 rows in set (0.01 sec)

mysql> select * from trial_board where is_live=1;
+----+-----------+------------+-------------+------+------------+---------------+---------+
| no | EventName | Profession | Profession2 | time | vote_agree | vote_disagree | is_live |
+----+-----------+------------+-------------+------+------------+---------------+---------+
|  4 | event2    | prosecutor |             |    2 |          0 |             0 |       1 |
+----+-----------+------------+-------------+------+------------+---------------+---------+
1 row in set (0.00 sec)

mysql> select * from trial_board where is_live=0;
+----+------------+-------------+-------------+------+------------+---------------+---------+
| no | EventName  | Profession  | Profession2 | time | vote_agree | vote_disagree | is_live |
+----+------------+-------------+-------------+------+------------+---------------+---------+
|  1 | asdf       | fdsa        | sdf         |    3 |          0 |             0 |       0 |
|  2 | asdfasfsad | dafsdfasdfa |             |    3 |          0 |             0 |       0 |
|  3 | event1     | lawyer      | xxxxx       |    1 |          0 |             0 |       0 |
+----+------------+-------------+-------------+------+------------+---------------+---------+
3 rows in set (0.00 sec)

mysql> select * from trial_board where is_live=0 desc no;
ERROR 1064 (42000): You have an error in your SQL syntax; check the manual that corresponds to your MySQL server version for the right syntax to use near 'desc no' a
t line 1
mysql> select * from trial_board where is_live=0 desc by no;
ERROR 1064 (42000): You have an error in your SQL syntax; check the manual that corresponds to your MySQL server version for the right syntax to use near 'desc by no
' at line 1
mysql> select * from trial_board where is_live=0 DESC by no;
ERROR 1064 (42000): You have an error in your SQL syntax; check the manual that corresponds to your MySQL server version for the right syntax to use near 'DESC by no
' at line 1
mysql> select * from trial_board where is_live=0 order by no desc;
+----+------------+-------------+-------------+------+------------+---------------+---------+
| no | EventName  | Profession  | Profession2 | time | vote_agree | vote_disagree | is_live |
+----+------------+-------------+-------------+------+------------+---------------+---------+
|  3 | event1     | lawyer      | xxxxx       |    1 |          0 |             0 |       0 |
|  2 | asdfasfsad | dafsdfasdfa |             |    3 |          0 |             0 |       0 |
|  1 | asdf       | fdsa        | sdf         |    3 |          0 |             0 |       0 |
+----+------------+-------------+-------------+------+------------+---------------+---------+
3 rows in set (0.01 sec)

mysql> select * from trial_board where is_live=0 order by no desc;
+----+------------+-------------+-------------+------+------------+---------------+---------+
| no | EventName  | Profession  | Profession2 | time | vote_agree | vote_disagree | is_live |
+----+------------+-------------+-------------+------+------------+---------------+---------+
|  3 | event1     | lawyer      | xxxxx       |    1 |          0 |             0 |       0 |
|  2 | asdfasfsad | dafsdfasdfa |             |    3 |          0 |             0 |       0 |
|  1 | asdf       | fdsa        | sdf         |    3 |          0 |             0 |       0 |
+----+------------+-------------+-------------+------+------------+---------------+---------+
3 rows in set (0.00 sec)

mysql> select * from trial_board where is_live=0  and Profession='lawyer' order by no desc;
+----+-----------+------------+-------------+------+------------+---------------+---------+
| no | EventName | Profession | Profession2 | time | vote_agree | vote_disagree | is_live |
+----+-----------+------------+-------------+------+------------+---------------+---------+
|  3 | event1    | lawyer     | xxxxx       |    1 |          0 |             0 |       0 |
+----+-----------+------------+-------------+------+------------+---------------+---------+
1 row in set (0.00 sec)

mysql> select * from trial_board where is_live=0  and Profession like 'daf%' order by no desc;
+----+------------+-------------+-------------+------+------------+---------------+---------+
| no | EventName  | Profession  | Profession2 | time | vote_agree | vote_disagree | is_live |
+----+------------+-------------+-------------+------+------------+---------------+---------+
|  2 | asdfasfsad | dafsdfasdfa |             |    3 |          0 |             0 |       0 |
+----+------------+-------------+-------------+------+------------+---------------+---------+
1 row in set (0.00 sec)

mysql> select no from trial_board where is_live=0  and Profession like 'daf%' order by no desc;
+----+
| no |
+----+
|  2 |
+----+
1 row in set (0.00 sec)

mysql> select Profession2 from trial_board where is_live=0  and Profession like 'daf%' order by no desc;
+-------------+
| Profession2 |
+-------------+
|             |
+-------------+
1 row in set (0.00 sec)

mysql> select Profession2 from trial_board where is_live=0  and Profession like '%' order by no desc;
ERROR 2006 (HY000): MySQL server has gone away
No connection. Trying to reconnect...
Connection id:    459
Current database: digital_con

+-------------+
| Profession2 |
+-------------+
| xxxxx       |
|             |
| sdf         |
+-------------+
3 rows in set (0.04 sec)

mysql> select Profession2 from trial_board where is_live=0  and Profession like 'daf%' order by no desc;
+-------------+
| Profession2 |
+-------------+
|             |
+-------------+
1 row in set (0.00 sec)

mysql> select Profession2 from trial_board where is_live=0  and Profession like 'daf%' order by no desc;
ERROR 2006 (HY000): MySQL server has gone away
No connection. Trying to reconnect...
Connection id:    561
Current database: digital_con

ERROR 1054 (42S22): Unknown column 'Profession2' in 'field list'
mysql> select Profession2 from trial_board where is_live=0  and Profession like 'daf%' order by no desc;
ERROR 1054 (42S22): Unknown column 'Profession2' in 'field list'
mysql> select * from trial_board
    -> ;
ERROR 2006 (HY000): MySQL server has gone away
No connection. Trying to reconnect...
Connection id:    687
Current database: digital_con

+----+-----------+-----------+-----------+------+------------+---------------+---------+
| no | EventName | Plaintiff | Defendant | time | vote_agree | vote_disagree | is_live |
+----+-----------+-----------+-----------+------+------------+---------------+---------+
|  1 | asdf      | fdsaaaf   |           |    3 |          0 |             0 |       1 |
|  2 | event1    | Circler   |           |    0 |          0 |             0 |       1 |
|  3 | event1    | Circler   |           |    0 |          0 |             0 |       1 |
|  4 | event3    |           | Circler   |    0 |          0 |             0 |       1 |
|  5 | event3    |           | Circler   |    1 |          0 |             0 |       1 |
+----+-----------+-----------+-----------+------+------------+---------------+---------+
5 rows in set (0.03 sec)

mysql> select * from trial_board where is_live=1 and no=2;
+----+-----------+-----------+-----------+------+------------+---------------+---------+
| no | EventName | Plaintiff | Defendant | time | vote_agree | vote_disagree | is_live |
+----+-----------+-----------+-----------+------+------------+---------------+---------+
|  2 | event1    | Circler   |           |    0 |          0 |             0 |       1 |
+----+-----------+-----------+-----------+------+------------+---------------+---------+
1 row in set (0.01 sec)

mysql> select * from trial_board where is_live=1 and no=3;
+----+-----------+-----------+-----------+------+------------+---------------+---------+
| no | EventName | Plaintiff | Defendant | time | vote_agree | vote_disagree | is_live |
+----+-----------+-----------+-----------+------+------------+---------------+---------+
|  3 | event1    | Circler   |           |    0 |          0 |             0 |       1 |
+----+-----------+-----------+-----------+------+------------+---------------+---------+
1 row in set (0.00 sec)

mysql> select * from trial_board where is_live=1 and no=1;
+----+-----------+-----------+-----------+------+------------+---------------+---------+
| no | EventName | Plaintiff | Defendant | time | vote_agree | vote_disagree | is_live |
+----+-----------+-----------+-----------+------+------------+---------------+---------+
|  1 | asdf      | fdsaaaf   |           |    3 |          0 |             0 |       1 |
+----+-----------+-----------+-----------+------+------------+---------------+---------+
1 row in set (0.00 sec)

mysql> select * from trial_board where is_live=1 and no=1;
+----+-----------+-----------+-----------+------+------------+---------------+---------+
| no | EventName | Plaintiff | Defendant | time | vote_agree | vote_disagree | is_live |
+----+-----------+-----------+-----------+------+------------+---------------+---------+
|  1 | asdf      | fdsaaaf   |           |    3 |          0 |             0 |       1 |
+----+-----------+-----------+-----------+------+------------+---------------+---------+
1 row in set (0.01 sec)

mysql> select * from trial_board where is_live=1 and no=2;
+----+-----------+-----------+-----------+------+------------+---------------+---------+
| no | EventName | Plaintiff | Defendant | time | vote_agree | vote_disagree | is_live |
+----+-----------+-----------+-----------+------+------------+---------------+---------+
|  2 | event1    | Circler   | assdd     |    0 |          0 |             0 |       1 |
+----+-----------+-----------+-----------+------+------------+---------------+---------+
1 row in set (0.00 sec)

mysql> update trial_board set Defendant='ffdkj' where no=2;
Query OK, 1 row affected (0.01 sec)
Rows matched: 1  Changed: 1  Warnings: 0

mysql> select * from trial_board where is_live=1 and no=2;
+----+-----------+-----------+-----------+------+------------+---------------+---------+
| no | EventName | Plaintiff | Defendant | time | vote_agree | vote_disagree | is_live |
+----+-----------+-----------+-----------+------+------------+---------------+---------+
|  2 | event1    | Circler   | ffdkj     |    0 |          0 |             0 |       1 |
+----+-----------+-----------+-----------+------+------------+---------------+---------+
1 row in set (0.00 sec)

mysql>